#-----------------------------------------------------------
# Vivado v2020.2 (64-bit)
# SW Build 3064766 on Wed Nov 18 09:12:45 MST 2020
# IP Build 3064653 on Wed Nov 18 14:17:31 MST 2020
# Start of session at: Wed Feb 22 14:10:31 2023
# Process ID: 10864
# Current directory: C:/Users/Administrator/Desktop/lab12
# Command line: vivado.exe -gui_launcher_event rodinguilauncherevent3588 C:\Users\Administrator\Desktop\lab12\lab12.xpr
# Log file: C:/Users/Administrator/Desktop/lab12/vivado.log
# Journal file: C:/Users/Administrator/Desktop/lab12\vivado.jou
#-----------------------------------------------------------
start_gui
open_project C:/Users/Administrator/Desktop/lab12/lab12.xpr
update_compile_order -fileset sources_1
launch_simulation
open_wave_config C:/Users/Administrator/Desktop/lab12/test_behav.wcfg
source test.tcl
run all
close_sim
launch_simulation
open_wave_config C:/Users/Administrator/Desktop/lab12/test_behav.wcfg
source test.tcl
run all
close_sim
launch_simulation
open_wave_config C:/Users/Administrator/Desktop/lab12/test_behav.wcfg
source test.tcl
run all
close_sim
launch_simulation
open_wave_config C:/Users/Administrator/Desktop/lab12/test_behav.wcfg
source test.tcl
run all
close_sim
